 Image products-launcher-orders-ms Building 
 Image products-launcher-client-gateway Building 
 Image products-launcher-products-ms Building 
 Image products-launcher-payments-ms Building 
 Image products-launcher-auth-ms Building 
#1 [internal] load local bake definitions
#1 reading from stdin 2.94kB done
#1 DONE 0.0s

#2 [payments-ms internal] load build definition from dockerfile
#2 transferring dockerfile: 169B done
#2 DONE 0.0s

#3 [payments-ms internal] load metadata for docker.io/library/node:20-alpine
#3 ...

#4 [products-ms internal] load build definition from dockerfile
#4 transferring dockerfile: 169B done
#4 DONE 0.0s

#5 [client-gateway internal] load build definition from dockerfile
#5 transferring dockerfile: 169B done
#5 DONE 0.0s

#6 [auth-ms internal] load build definition from dockerfile
#6 transferring dockerfile: 169B done
#6 DONE 0.0s

#7 [orders-ms internal] load build definition from dockerfile
#7 transferring dockerfile: 169B done
#7 DONE 0.0s

#3 [orders-ms internal] load metadata for docker.io/library/node:20-alpine
#3 DONE 1.4s

#8 [client-gateway internal] load .dockerignore
#8 transferring context: 78B done
#8 DONE 0.0s

#9 [payments-ms internal] load .dockerignore
#9 transferring context: 78B done
#9 DONE 0.0s

#10 [orders-ms 1/6] FROM docker.io/library/node:20-alpine@sha256:fb4cd12c85ee03686f6af5362a0b0d56d50c58a04632e6c0fb8363f609372293
#10 DONE 0.0s

#11 [products-ms internal] load .dockerignore
#11 transferring context: 78B done
#11 DONE 0.0s

#12 [auth-ms internal] load .dockerignore
#12 transferring context: 78B done
#12 DONE 0.0s

#13 [orders-ms internal] load .dockerignore
#13 transferring context: 78B done
#13 DONE 0.0s

#14 [client-gateway internal] load build context
#14 transferring context: 2.37kB done
#14 DONE 0.0s

#15 [products-ms internal] load build context
#15 transferring context: 2.00kB done
#15 DONE 0.0s

#16 [orders-ms internal] load build context
#16 transferring context: 3.23kB done
#16 DONE 0.0s

#17 [payments-ms internal] load build context
#17 transferring context: 1.18kB done
#17 DONE 0.0s

#18 [auth-ms internal] load build context
#18 transferring context: 9.40kB 0.0s done
#18 DONE 0.0s

#19 [client-gateway 4/6] COPY package-lock.json ./
#19 CACHED

#20 [client-gateway 3/6] COPY package.json ./
#20 CACHED

#21 [client-gateway 5/6] RUN npm install
#21 CACHED

#22 [client-gateway 6/6] COPY . .
#22 CACHED

#23 [orders-ms 5/6] RUN npm install
#23 CACHED

#24 [orders-ms 4/6] COPY package-lock.json ./
#24 CACHED

#25 [orders-ms 3/6] COPY package.json ./
#25 CACHED

#26 [orders-ms 6/6] COPY . .
#26 CACHED

#27 [auth-ms 4/6] COPY package-lock.json ./
#27 CACHED

#28 [auth-ms 3/6] COPY package.json ./
#28 CACHED

#29 [auth-ms 5/6] RUN npm install
#29 CACHED

#30 [auth-ms 6/6] COPY . .
#30 CACHED

#31 [payments-ms 4/6] COPY package-lock.json ./
#31 CACHED

#32 [payments-ms 5/6] RUN npm install
#32 CACHED

#33 [payments-ms 3/6] COPY package.json ./
#33 CACHED

#34 [products-ms 4/6] COPY package-lock.json ./
#34 CACHED

#35 [products-ms 5/6] RUN npm install
#35 CACHED

#36 [products-ms 3/6] COPY package.json ./
#36 CACHED

#37 [auth-ms 2/6] WORKDIR /usr/src/app
#37 CACHED

#38 [products-ms 6/6] COPY . .
#38 CACHED

#39 [payments-ms 6/6] COPY . .
#39 CACHED

#40 [payments-ms] exporting to image
#40 exporting layers done
#40 writing image sha256:be85c38da294ee6722cdf98a0d7bfe346a61a384ed7355143e5d3bc361793c9e done
#40 naming to docker.io/library/products-launcher-payments-ms 0.0s done
#40 DONE 0.0s

#41 [client-gateway] exporting to image
#41 exporting layers done
#41 writing image sha256:1c0c3b43097fdb0a812fc5f25a10318505a6e7b3608b63c2a042d7c0e29c8e81 done
#41 naming to docker.io/library/products-launcher-client-gateway done
#41 DONE 0.0s

#42 [products-ms] exporting to image
#42 exporting layers done
#42 writing image sha256:c8e66e161ed6eee79cae1b7e8cfab047197d579e9fbf8d830029b05baa91aa66 done
#42 naming to docker.io/library/products-launcher-products-ms done
#42 DONE 0.0s

#43 [orders-ms] exporting to image
#43 exporting layers done
#43 writing image sha256:802963c317989f6e6dda747c114715dee8323ad8506e4ad353305a6724f4c9a5 done
#43 naming to docker.io/library/products-launcher-orders-ms 0.0s done
#43 DONE 0.1s

#44 [auth-ms] exporting to image
#44 exporting layers done
#44 writing image sha256:a01467c212956246f74a0952e1f567dcbc49d353f57dd11d512ec6cea0cd6e2a done
#44 naming to docker.io/library/products-launcher-auth-ms 0.0s done
#44 DONE 0.1s

#45 [client-gateway] resolving provenance for metadata file
#45 DONE 0.0s

#46 [orders-ms] resolving provenance for metadata file
#46 DONE 0.0s

#47 [products-ms] resolving provenance for metadata file
#47 DONE 0.0s

#48 [payments-ms] resolving provenance for metadata file
#48 DONE 0.0s

#49 [auth-ms] resolving provenance for metadata file
#49 DONE 0.0s
 Image products-launcher-payments-ms Built 
 Image products-launcher-auth-ms Built 
 Image products-launcher-products-ms Built 
 Image products-launcher-client-gateway Built 
 Image products-launcher-orders-ms Built 
 Container auth_database Running 
 Container orders_database Running 
Attaching to 918d764a5c86_products-launcher-products-ms-1, auth_database, orders_database, payments-ms, auth-ms-1, client-gateway-1, mongo-init-1, nats-server-1, orders-ms-1
 Container products-launcher-nats-server-1 Starting 
 Container products-launcher-client-gateway-1 Starting 
 Container products-launcher-auth-ms-1 Starting 
 Container 918d764a5c86_products-launcher-products-ms-1 Starting 
 Container products-launcher-mongo-init-1 Starting 
 Container payments-ms Starting 
 Container products-launcher-orders-ms-1 Starting 
auth_database  | {"t":{"$date":"2026-06-26T02:21:15.001+00:00"},"s":"W",  "c":"QUERY",    "id":23799,   "ctx":"ftdc","msg":"Aggregate command executor error","attr":{"error":{"code":26,"codeName":"NamespaceNotFound","errmsg":"Unable to retrieve storageStats in $collStats stage :: caused by :: Collection [local.oplog.rs] not found."},"stats":{},"cmd":{"aggregate":"oplog.rs","cursor":{},"pipeline":[{"$collStats":{"storageStats":{"waitForLock":false,"numericOnly":true}}}],"$db":"local"}}}
 Container products-launcher-nats-server-1 Started 
nats-server-1  | [1] 2026/06/26 02:21:15.224819 [INF] Starting nats-server
nats-server-1  | [1] 2026/06/26 02:21:15.224953 [INF]   Version:  2.10.11
nats-server-1  | [1] 2026/06/26 02:21:15.224957 [INF]   Git:      [5fc6051]
nats-server-1  | [1] 2026/06/26 02:21:15.224960 [INF]   Cluster:  my_cluster
nats-server-1  | [1] 2026/06/26 02:21:15.224962 [INF]   Name:     NAW6VRRB3OJU34U2I7QSVAHEOADIDVKC54RUYMU6WTAA5VJPXNJRH4ZZ
nats-server-1  | [1] 2026/06/26 02:21:15.224969 [INF]   ID:       NAW6VRRB3OJU34U2I7QSVAHEOADIDVKC54RUYMU6WTAA5VJPXNJRH4ZZ
nats-server-1  | [1] 2026/06/26 02:21:15.224983 [INF] Using configuration file: /etc/nats/nats-server.conf
nats-server-1  | [1] 2026/06/26 02:21:15.226879 [INF] Starting http monitor on 0.0.0.0:8222
nats-server-1  | [1] 2026/06/26 02:21:15.227091 [INF] Listening for client connections on 0.0.0.0:4222
nats-server-1  | [1] 2026/06/26 02:21:15.227374 [INF] Server is ready
nats-server-1  | [1] 2026/06/26 02:21:15.227452 [INF] Cluster name is my_cluster
nats-server-1  | [1] 2026/06/26 02:21:15.231535 [INF] Listening for route connections on 0.0.0.0:6222
 Container products-launcher-auth-ms-1 Started 
 Container products-launcher-client-gateway-1 Started 
 Container products-launcher-orders-ms-1 Started 
 Container payments-ms Started 
 Container products-launcher-mongo-init-1 Started 
 Container 918d764a5c86_products-launcher-products-ms-1 Started 
[Kmongo-init-1 exited with code 0
client-gateway-1  | 
client-gateway-1  | > client-gateway@0.0.1 start:dev
client-gateway-1  | > nest start --watch
client-gateway-1  | 
auth-ms-1         | 
auth-ms-1         | > auth-ms@0.0.1 start:dev
auth-ms-1         | > npm run prisma:docker && nest start --watch
auth-ms-1         | 
orders-ms-1       | 
orders-ms-1       | > orders-ms@0.0.1 start:dev
orders-ms-1       | > npm run docker:start && nest start --watch
orders-ms-1       | 
payments-ms       | 
payments-ms       | > payments-ms@0.0.1 start:dev
payments-ms       | > nest start --watch
payments-ms       | 
918d764a5c86_products-launcher-products-ms-1  | 
918d764a5c86_products-launcher-products-ms-1  | > products-ms@0.0.1 start:dev
918d764a5c86_products-launcher-products-ms-1  | > npm run docker:start && nest start --watch
918d764a5c86_products-launcher-products-ms-1  | 
auth-ms-1                                     | 
auth-ms-1                                     | > auth-ms@0.0.1 prisma:docker
auth-ms-1                                     | > npx prisma generate
auth-ms-1                                     | 
orders-ms-1                                   | 
orders-ms-1                                   | > orders-ms@0.0.1 docker:start
orders-ms-1                                   | > prisma migrate dev && prisma generate
orders-ms-1                                   | 
auth_database                                 | {"t":{"$date":"2026-06-26T02:21:16.001+00:00"},"s":"W",  "c":"QUERY",    "id":23799,   "ctx":"ftdc","msg":"Aggregate command executor error","attr":{"error":{"code":26,"codeName":"NamespaceNotFound","errmsg":"Unable to retrieve storageStats in $collStats stage :: caused by :: Collection [local.oplog.rs] not found."},"stats":{},"cmd":{"aggregate":"oplog.rs","cursor":{},"pipeline":[{"$collStats":{"storageStats":{"waitForLock":false,"numericOnly":true}}}],"$db":"local"}}}
918d764a5c86_products-launcher-products-ms-1  | 
918d764a5c86_products-launcher-products-ms-1  | > products-ms@0.0.1 docker:start
918d764a5c86_products-launcher-products-ms-1  | > prisma migrate dev && prisma generate
918d764a5c86_products-launcher-products-ms-1  | 
auth_database                                 | {"t":{"$date":"2026-06-26T02:21:17.001+00:00"},"s":"W",  "c":"QUERY",    "id":23799,   "ctx":"ftdc","msg":"Aggregate command executor error","attr":{"error":{"code":26,"codeName":"NamespaceNotFound","errmsg":"Unable to retrieve storageStats in $collStats stage :: caused by :: Collection [local.oplog.rs] not found."},"stats":{},"cmd":{"aggregate":"oplog.rs","cursor":{},"pipeline":[{"$collStats":{"storageStats":{"waitForLock":false,"numericOnly":true}}}],"$db":"local"}}}
payments-ms                                   | [2J[3J[H[[90m2:21:17 AM[0m] Starting compilation in watch mode...
payments-ms                                   | 
client-gateway-1                              | [2J[3J[H[[90m2:21:17 AM[0m] Starting compilation in watch mode...
client-gateway-1                              | 
orders-ms-1                                   | Loaded Prisma config from prisma.config.ts.
orders-ms-1                                   | 
918d764a5c86_products-launcher-products-ms-1  | Loaded Prisma config from prisma.config.ts.
918d764a5c86_products-launcher-products-ms-1  | 
auth_database                                 | {"t":{"$date":"2026-06-26T02:21:18.010+00:00"},"s":"W",  "c":"QUERY",    "id":23799,   "ctx":"ftdc","msg":"Aggregate command executor error","attr":{"error":{"code":26,"codeName":"NamespaceNotFound","errmsg":"Unable to retrieve storageStats in $collStats stage :: caused by :: Collection [local.oplog.rs] not found."},"stats":{},"cmd":{"aggregate":"oplog.rs","cursor":{},"pipeline":[{"$collStats":{"storageStats":{"waitForLock":false,"numericOnly":true}}}],"$db":"local"}}}
orders-ms-1                                   | Prisma schema loaded from prisma/schema.prisma.
orders-ms-1                                   | Datasource "db": PostgreSQL database "ordersdb", schema "public" at "orders-db:5432"
orders-ms-1                                   | 
auth_database                                 | {"t":{"$date":"2026-06-26T02:21:19.020+00:00"},"s":"W",  "c":"QUERY",    "id":23799,   "ctx":"ftdc","msg":"Aggregate command executor error","attr":{"error":{"code":26,"codeName":"NamespaceNotFound","errmsg":"Unable to retrieve storageStats in $collStats stage :: caused by :: Collection [local.oplog.rs] not found."},"stats":{},"cmd":{"aggregate":"oplog.rs","cursor":{},"pipeline":[{"$collStats":{"storageStats":{"waitForLock":false,"numericOnly":true}}}],"$db":"local"}}}
918d764a5c86_products-launcher-products-ms-1  | Prisma schema loaded from prisma/schema.prisma.
918d764a5c86_products-launcher-products-ms-1  | Datasource "db": SQLite database "dev.db" at "file:./dev.db"
918d764a5c86_products-launcher-products-ms-1  | 
918d764a5c86_products-launcher-products-ms-1  | Already in sync, no schema change or pending migration was found.
918d764a5c86_products-launcher-products-ms-1  | 
auth-ms-1                                     | Loaded Prisma config from prisma.config.ts.
auth-ms-1                                     | 
orders_database                               | 2026-06-26 02:21:19.634 UTC [28] LOG:  checkpoint starting: immediate force wait
orders_database                               | 2026-06-26 02:21:19.658 UTC [28] LOG:  checkpoint complete: wrote 4 buffers (0.0%); 0 WAL file(s) added, 0 removed, 0 recycled; write=0.005 s, sync=0.003 s, total=0.025 s; sync files=4, longest=0.002 s, average=0.001 s; distance=4362 kB, estimate=4362 kB; lsn=0/FF60130, redo lsn=0/FF600F8
auth_database                                 | {"t":{"$date":"2026-06-26T02:21:20.001+00:00"},"s":"W",  "c":"QUERY",    "id":23799,   "ctx":"ftdc","msg":"Aggregate command executor error","attr":{"error":{"code":26,"codeName":"NamespaceNotFound","errmsg":"Unable to retrieve storageStats in $collStats stage :: caused by :: Collection [local.oplog.rs] not found."},"stats":{},"cmd":{"aggregate":"oplog.rs","cursor":{},"pipeline":[{"$collStats":{"storageStats":{"waitForLock":false,"numericOnly":true}}}],"$db":"local"}}}
orders_database                               | 2026-06-26 02:21:20.011 UTC [28] LOG:  checkpoint starting: immediate force wait
orders_database                               | 2026-06-26 02:21:20.030 UTC [28] LOG:  checkpoint complete: wrote 4 buffers (0.0%); 0 WAL file(s) added, 0 removed, 1 recycled; write=0.005 s, sync=0.003 s, total=0.019 s; sync files=4, longest=0.002 s, average=0.001 s; distance=4362 kB, estimate=4362 kB; lsn=0/103A29F8, redo lsn=0/103A29C0
orders-ms-1                                   | Already in sync, no schema change or pending migration was found.
orders-ms-1                                   | 
auth-ms-1                                     | Prisma config detected, skipping environment variable loading.
auth-ms-1                                     | Prisma schema loaded from prisma/schema.prisma
auth_database                                 | {"t":{"$date":"2026-06-26T02:21:20.839+00:00"},"s":"I",  "c":"SHARDING", "id":7012500, "ctx":"QueryAnalysisConfigurationsRefresher","msg":"Failed to refresh query analysis configurations, will try again at the next interval","attr":{"error":"PrimarySteppedDown: No primary exists currently"}}
auth_database                                 | {"t":{"$date":"2026-06-26T02:21:21.007+00:00"},"s":"W",  "c":"QUERY",    "id":23799,   "ctx":"ftdc","msg":"Aggregate command executor error","attr":{"error":{"code":26,"codeName":"NamespaceNotFound","errmsg":"Unable to retrieve storageStats in $collStats stage :: caused by :: Collection [local.oplog.rs] not found."},"stats":{},"cmd":{"aggregate":"oplog.rs","cursor":{},"pipeline":[{"$collStats":{"storageStats":{"waitForLock":false,"numericOnly":true}}}],"$db":"local"}}}
auth-ms-1                                     | 
auth-ms-1                                     | ✔ Generated Prisma Client (v6.19.0) to ./node_modules/@prisma/client in 523ms
auth-ms-1                                     | 
auth-ms-1                                     | Start by importing your Prisma Client (See: https://pris.ly/d/importing-client)
auth-ms-1                                     | 
auth-ms-1                                     | Tip: Interested in query caching in just a few lines of code? Try Accelerate today! https://pris.ly/tip-3-accelerate
auth-ms-1                                     | 
auth_database                                 | {"t":{"$date":"2026-06-26T02:21:22.007+00:00"},"s":"W",  "c":"QUERY",    "id":23799,   "ctx":"ftdc","msg":"Aggregate command executor error","attr":{"error":{"code":26,"codeName":"NamespaceNotFound","errmsg":"Unable to retrieve storageStats in $collStats stage :: caused by :: Collection [local.oplog.rs] not found."},"stats":{},"cmd":{"aggregate":"oplog.rs","cursor":{},"pipeline":[{"$collStats":{"storageStats":{"waitForLock":false,"numericOnly":true}}}],"$db":"local"}}}
918d764a5c86_products-launcher-products-ms-1  | Loaded Prisma config from prisma.config.ts.
918d764a5c86_products-launcher-products-ms-1  | 
918d764a5c86_products-launcher-products-ms-1  | Prisma schema loaded from prisma/schema.prisma.
orders-ms-1                                   | Loaded Prisma config from prisma.config.ts.
orders-ms-1                                   | 
auth_database                                 | {"t":{"$date":"2026-06-26T02:21:23.001+00:00"},"s":"W",  "c":"QUERY",    "id":23799,   "ctx":"ftdc","msg":"Aggregate command executor error","attr":{"error":{"code":26,"codeName":"NamespaceNotFound","errmsg":"Unable to retrieve storageStats in $collStats stage :: caused by :: Collection [local.oplog.rs] not found."},"stats":{},"cmd":{"aggregate":"oplog.rs","cursor":{},"pipeline":[{"$collStats":{"storageStats":{"waitForLock":false,"numericOnly":true}}}],"$db":"local"}}}
918d764a5c86_products-launcher-products-ms-1  | 
918d764a5c86_products-launcher-products-ms-1  | ✔ Generated Prisma Client (7.5.0) to ./generated/prisma in 132ms
918d764a5c86_products-launcher-products-ms-1  | 
orders-ms-1                                   | Prisma schema loaded from prisma/schema.prisma.
auth-ms-1                                     | [2J[3J[H[[90m2:21:23 AM[0m] Starting compilation in watch mode...
auth-ms-1                                     | 
orders-ms-1                                   | 
orders-ms-1                                   | ✔ Generated Prisma Client (7.6.0) to ./generated/prisma in 237ms
orders-ms-1                                   | 
auth_database                                 | {"t":{"$date":"2026-06-26T02:21:24.001+00:00"},"s":"W",  "c":"QUERY",    "id":23799,   "ctx":"ftdc","msg":"Aggregate command executor error","attr":{"error":{"code":26,"codeName":"NamespaceNotFound","errmsg":"Unable to retrieve storageStats in $collStats stage :: caused by :: Collection [local.oplog.rs] not found."},"stats":{},"cmd":{"aggregate":"oplog.rs","cursor":{},"pipeline":[{"$collStats":{"storageStats":{"waitForLock":false,"numericOnly":true}}}],"$db":"local"}}}
auth_database                                 | {"t":{"$date":"2026-06-26T02:21:24.404+00:00"},"s":"I",  "c":"-",        "id":4939300, "ctx":"monitoring-keys-for-HMAC","msg":"Failed to refresh key cache","attr":{"error":"ReadConcernMajorityNotAvailableYet: Read concern majority reads are currently not possible.","nextWakeupMillis":12800}}
auth_database                                 | {"t":{"$date":"2026-06-26T02:21:25.001+00:00"},"s":"W",  "c":"QUERY",    "id":23799,   "ctx":"ftdc","msg":"Aggregate command executor error","attr":{"error":{"code":26,"codeName":"NamespaceNotFound","errmsg":"Unable to retrieve storageStats in $collStats stage :: caused by :: Collection [local.oplog.rs] not found."},"stats":{},"cmd":{"aggregate":"oplog.rs","cursor":{},"pipeline":[{"$collStats":{"storageStats":{"waitForLock":false,"numericOnly":true}}}],"$db":"local"}}}
918d764a5c86_products-launcher-products-ms-1  | [2J[3J[H[[90m2:21:25 AM[0m] Starting compilation in watch mode...
918d764a5c86_products-launcher-products-ms-1  | 
auth_database                                 | {"t":{"$date":"2026-06-26T02:21:26.002+00:00"},"s":"W",  "c":"QUERY",    "id":23799,   "ctx":"ftdc","msg":"Aggregate command executor error","attr":{"error":{"code":26,"codeName":"NamespaceNotFound","errmsg":"Unable to retrieve storageStats in $collStats stage :: caused by :: Collection [local.oplog.rs] not found."},"stats":{},"cmd":{"aggregate":"oplog.rs","cursor":{},"pipeline":[{"$collStats":{"storageStats":{"waitForLock":false,"numericOnly":true}}}],"$db":"local"}}}
orders-ms-1                                   | [2J[3J[H[[90m2:21:26 AM[0m] Starting compilation in watch mode...
orders-ms-1                                   | 
auth_database                                 | {"t":{"$date":"2026-06-26T02:21:27.001+00:00"},"s":"W",  "c":"QUERY",    "id":23799,   "ctx":"ftdc","msg":"Aggregate command executor error","attr":{"error":{"code":26,"codeName":"NamespaceNotFound","errmsg":"Unable to retrieve storageStats in $collStats stage :: caused by :: Collection [local.oplog.rs] not found."},"stats":{},"cmd":{"aggregate":"oplog.rs","cursor":{},"pipeline":[{"$collStats":{"storageStats":{"waitForLock":false,"numericOnly":true}}}],"$db":"local"}}}
client-gateway-1                              | [[90m2:21:27 AM[0m] Found 0 errors. Watching for file changes.
client-gateway-1                              | 
auth_database                                 | {"t":{"$date":"2026-06-26T02:21:28.001+00:00"},"s":"W",  "c":"QUERY",    "id":23799,   "ctx":"ftdc","msg":"Aggregate command executor error","attr":{"error":{"code":26,"codeName":"NamespaceNotFound","errmsg":"Unable to retrieve storageStats in $collStats stage :: caused by :: Collection [local.oplog.rs] not found."},"stats":{},"cmd":{"aggregate":"oplog.rs","cursor":{},"pipeline":[{"$collStats":{"storageStats":{"waitForLock":false,"numericOnly":true}}}],"$db":"local"}}}
payments-ms                                   | [[90m2:21:28 AM[0m] Found 0 errors. Watching for file changes.
payments-ms                                   | 
auth_database                                 | {"t":{"$date":"2026-06-26T02:21:29.001+00:00"},"s":"W",  "c":"QUERY",    "id":23799,   "ctx":"ftdc","msg":"Aggregate command executor error","attr":{"error":{"code":26,"codeName":"NamespaceNotFound","errmsg":"Unable to retrieve storageStats in $collStats stage :: caused by :: Collection [local.oplog.rs] not found."},"stats":{},"cmd":{"aggregate":"oplog.rs","cursor":{},"pipeline":[{"$collStats":{"storageStats":{"waitForLock":false,"numericOnly":true}}}],"$db":"local"}}}
client-gateway-1                              | [32m[Nest] 29  - [39m06/26/2026, 2:21:29 AM [32m    LOG[39m [38;5;3m[NestFactory] [39m[32mStarting Nest application...[39m
client-gateway-1                              | [32m[Nest] 29  - [39m06/26/2026, 2:21:29 AM [32m    LOG[39m [38;5;3m[InstanceLoader] [39m[32mAppModule dependencies initialized[39m[38;5;3m +156ms[39m
client-gateway-1                              | [32m[Nest] 29  - [39m06/26/2026, 2:21:29 AM [32m    LOG[39m [38;5;3m[InstanceLoader] [39m[32mNatsModule dependencies initialized[39m[38;5;3m +5ms[39m
client-gateway-1                              | [32m[Nest] 29  - [39m06/26/2026, 2:21:29 AM [32m    LOG[39m [38;5;3m[InstanceLoader] [39m[32mClientsModule dependencies initialized[39m[38;5;3m +1ms[39m
client-gateway-1                              | [32m[Nest] 29  - [39m06/26/2026, 2:21:29 AM [32m    LOG[39m [38;5;3m[InstanceLoader] [39m[32mAuthModule dependencies initialized[39m[38;5;3m +7ms[39m
client-gateway-1                              | [32m[Nest] 29  - [39m06/26/2026, 2:21:29 AM [32m    LOG[39m [38;5;3m[InstanceLoader] [39m[32mProductsModule dependencies initialized[39m[38;5;3m +3ms[39m
client-gateway-1                              | [32m[Nest] 29  - [39m06/26/2026, 2:21:29 AM [32m    LOG[39m [38;5;3m[InstanceLoader] [39m[32mOrdersModule dependencies initialized[39m[38;5;3m +1ms[39m
client-gateway-1                              | [32m[Nest] 29  - [39m06/26/2026, 2:21:29 AM [32m    LOG[39m [38;5;3m[RoutesResolver] [39m[32mProductsController {/api/v1/products}:[39m[38;5;3m +62ms[39m
client-gateway-1                              | [32m[Nest] 29  - [39m06/26/2026, 2:21:29 AM [32m    LOG[39m [38;5;3m[RouterExplorer] [39m[32mMapped {/api/v1/products, POST} route[39m[38;5;3m +45ms[39m
client-gateway-1                              | [32m[Nest] 29  - [39m06/26/2026, 2:21:29 AM [32m    LOG[39m [38;5;3m[RouterExplorer] [39m[32mMapped {/api/v1/products, GET} route[39m[38;5;3m +7ms[39m
client-gateway-1                              | [32m[Nest] 29  - [39m06/26/2026, 2:21:29 AM [32m    LOG[39m [38;5;3m[RouterExplorer] [39m[32mMapped {/api/v1/products/:id, GET} route[39m[38;5;3m +13ms[39m
client-gateway-1                              | [32m[Nest] 29  - [39m06/26/2026, 2:21:29 AM [32m    LOG[39m [38;5;3m[RouterExplorer] [39m[32mMapped {/api/v1/products/:id, PATCH} route[39m[38;5;3m +9ms[39m
client-gateway-1                              | [32m[Nest] 29  - [39m06/26/2026, 2:21:29 AM [32m    LOG[39m [38;5;3m[RouterExplorer] [39m[32mMapped {/api/v1/products/:id, DELETE} route[39m[38;5;3m +7ms[39m
client-gateway-1                              | [32m[Nest] 29  - [39m06/26/2026, 2:21:29 AM [32m    LOG[39m [38;5;3m[RoutesResolver] [39m[32mOrdersController {/api/v1/orders}:[39m[38;5;3m +3ms[39m
client-gateway-1                              | [32m[Nest] 29  - [39m06/26/2026, 2:21:29 AM [32m    LOG[39m [38;5;3m[RouterExplorer] [39m[32mMapped {/api/v1/orders, POST} route[39m[38;5;3m +6ms[39m
client-gateway-1                              | [32m[Nest] 29  - [39m06/26/2026, 2:21:29 AM [32m    LOG[39m [38;5;3m[RouterExplorer] [39m[32mMapped {/api/v1/orders, GET} route[39m[38;5;3m +5ms[39m
client-gateway-1                              | [32m[Nest] 29  - [39m06/26/2026, 2:21:29 AM [32m    LOG[39m [38;5;3m[RouterExplorer] [39m[32mMapped {/api/v1/orders/id/:id, GET} route[39m[38;5;3m +6ms[39m
client-gateway-1                              | [32m[Nest] 29  - [39m06/26/2026, 2:21:29 AM [32m    LOG[39m [38;5;3m[RouterExplorer] [39m[32mMapped {/api/v1/orders/:status, GET} route[39m[38;5;3m +10ms[39m
client-gateway-1                              | [32m[Nest] 29  - [39m06/26/2026, 2:21:29 AM [32m    LOG[39m [38;5;3m[RouterExplorer] [39m[32mMapped {/api/v1/orders/:id, PATCH} route[39m[38;5;3m +10ms[39m
client-gateway-1                              | [32m[Nest] 29  - [39m06/26/2026, 2:21:29 AM [32m    LOG[39m [38;5;3m[RoutesResolver] [39m[32mAuthController {/api/v1/auth}:[39m[38;5;3m +1ms[39m
client-gateway-1                              | [32m[Nest] 29  - [39m06/26/2026, 2:21:29 AM [32m    LOG[39m [38;5;3m[RouterExplorer] [39m[32mMapped {/api/v1/auth/register, POST} route[39m[38;5;3m +8ms[39m
client-gateway-1                              | [32m[Nest] 29  - [39m06/26/2026, 2:21:29 AM [32m    LOG[39m [38;5;3m[RouterExplorer] [39m[32mMapped {/api/v1/auth/login, POST} route[39m[38;5;3m +4ms[39m
client-gateway-1                              | [32m[Nest] 29  - [39m06/26/2026, 2:21:29 AM [32m    LOG[39m [38;5;3m[RouterExplorer] [39m[32mMapped {/api/v1/auth/verify, GET} route[39m[38;5;3m +5ms[39m
client-gateway-1                              | [32m[Nest] 29  - [39m06/26/2026, 2:21:30 AM [32m    LOG[39m [38;5;3m[NestApplication] [39m[32mNest application successfully started[39m[38;5;3m +45ms[39m
auth_database                                 | {"t":{"$date":"2026-06-26T02:21:30.015+00:00"},"s":"W",  "c":"QUERY",    "id":23799,   "ctx":"ftdc","msg":"Aggregate command executor error","attr":{"error":{"code":26,"codeName":"NamespaceNotFound","errmsg":"Unable to retrieve storageStats in $collStats stage :: caused by :: Collection [local.oplog.rs] not found."},"stats":{},"cmd":{"aggregate":"oplog.rs","cursor":{},"pipeline":[{"$collStats":{"storageStats":{"waitForLock":false,"numericOnly":true}}}],"$db":"local"}}}
client-gateway-1                              | [32m[Nest] 29  - [39m06/26/2026, 2:21:30 AM [32m    LOG[39m [38;5;3m[Main-Gateway] [39m[32mGateway running on port 3000[39m
auth_database                                 | {"t":{"$date":"2026-06-26T02:21:30.838+00:00"},"s":"I",  "c":"SHARDING", "id":7012500, "ctx":"QueryAnalysisConfigurationsRefresher","msg":"Failed to refresh query analysis configurations, will try again at the next interval","attr":{"error":"PrimarySteppedDown: No primary exists currently"}}
auth_database                                 | {"t":{"$date":"2026-06-26T02:21:31.001+00:00"},"s":"W",  "c":"QUERY",    "id":23799,   "ctx":"ftdc","msg":"Aggregate command executor error","attr":{"error":{"code":26,"codeName":"NamespaceNotFound","errmsg":"Unable to retrieve storageStats in $collStats stage :: caused by :: Collection [local.oplog.rs] not found."},"stats":{},"cmd":{"aggregate":"oplog.rs","cursor":{},"pipeline":[{"$collStats":{"storageStats":{"waitForLock":false,"numericOnly":true}}}],"$db":"local"}}}
payments-ms                                   | [32m[Nest] 29  - [39m06/26/2026, 2:21:31 AM [32m    LOG[39m [38;5;3m[NestFactory] [39m[32mStarting Nest application...[39m
payments-ms                                   | [32m[Nest] 29  - [39m06/26/2026, 2:21:31 AM [32m    LOG[39m [38;5;3m[InstanceLoader] [39m[32mAppModule dependencies initialized[39m[38;5;3m +41ms[39m
payments-ms                                   | [32m[Nest] 29  - [39m06/26/2026, 2:21:31 AM [32m    LOG[39m [38;5;3m[InstanceLoader] [39m[32mNatsModule dependencies initialized[39m[38;5;3m +0ms[39m
payments-ms                                   | [32m[Nest] 29  - [39m06/26/2026, 2:21:31 AM [32m    LOG[39m [38;5;3m[InstanceLoader] [39m[32mClientsModule dependencies initialized[39m[38;5;3m +0ms[39m
payments-ms                                   | [32m[Nest] 29  - [39m06/26/2026, 2:21:31 AM [32m    LOG[39m [38;5;3m[InstanceLoader] [39m[32mPaymentsModule dependencies initialized[39m[38;5;3m +1ms[39m
payments-ms                                   | [32m[Nest] 29  - [39m06/26/2026, 2:21:31 AM [32m    LOG[39m [38;5;3m[NestMicroservice] [39m[32mNest microservice successfully started[39m[38;5;3m +40ms[39m
payments-ms                                   | [32m[Nest] 29  - [39m06/26/2026, 2:21:31 AM [32m    LOG[39m [38;5;3m[RoutesResolver] [39m[32mPaymentsController {/payments}:[39m[38;5;3m +6ms[39m
payments-ms                                   | [32m[Nest] 29  - [39m06/26/2026, 2:21:32 AM [32m    LOG[39m [38;5;3m[RouterExplorer] [39m[32mMapped {/payments/success, GET} route[39m[38;5;3m +6ms[39m
auth_database                                 | {"t":{"$date":"2026-06-26T02:21:32.001+00:00"},"s":"W",  "c":"QUERY",    "id":23799,   "ctx":"ftdc","msg":"Aggregate command executor error","attr":{"error":{"code":26,"codeName":"NamespaceNotFound","errmsg":"Unable to retrieve storageStats in $collStats stage :: caused by :: Collection [local.oplog.rs] not found."},"stats":{},"cmd":{"aggregate":"oplog.rs","cursor":{},"pipeline":[{"$collStats":{"storageStats":{"waitForLock":false,"numericOnly":true}}}],"$db":"local"}}}
payments-ms                                   | [32m[Nest] 29  - [39m06/26/2026, 2:21:32 AM [32m    LOG[39m [38;5;3m[RouterExplorer] [39m[32mMapped {/payments/cancel, GET} route[39m[38;5;3m +1ms[39m
payments-ms                                   | [32m[Nest] 29  - [39m06/26/2026, 2:21:32 AM [32m    LOG[39m [38;5;3m[RouterExplorer] [39m[32mMapped {/payments/webhook, POST} route[39m[38;5;3m +2ms[39m
payments-ms                                   | [32m[Nest] 29  - [39m06/26/2026, 2:21:32 AM [32m    LOG[39m [38;5;3m[NestApplication] [39m[32mNest application successfully started[39m[38;5;3m +6ms[39m
payments-ms                                   | [32m[Nest] 29  - [39m06/26/2026, 2:21:32 AM [32m    LOG[39m [38;5;3m[Payments-Main] [39m[32mPayments microservice running on port 3003[39m
auth_database                                 | {"t":{"$date":"2026-06-26T02:21:33.001+00:00"},"s":"W",  "c":"QUERY",    "id":23799,   "ctx":"ftdc","msg":"Aggregate command executor error","attr":{"error":{"code":26,"codeName":"NamespaceNotFound","errmsg":"Unable to retrieve storageStats in $collStats stage :: caused by :: Collection [local.oplog.rs] not found."},"stats":{},"cmd":{"aggregate":"oplog.rs","cursor":{},"pipeline":[{"$collStats":{"storageStats":{"waitForLock":false,"numericOnly":true}}}],"$db":"local"}}}
auth_database                                 | {"t":{"$date":"2026-06-26T02:21:34.003+00:00"},"s":"W",  "c":"QUERY",    "id":23799,   "ctx":"ftdc","msg":"Aggregate command executor error","attr":{"error":{"code":26,"codeName":"NamespaceNotFound","errmsg":"Unable to retrieve storageStats in $collStats stage :: caused by :: Collection [local.oplog.rs] not found."},"stats":{},"cmd":{"aggregate":"oplog.rs","cursor":{},"pipeline":[{"$collStats":{"storageStats":{"waitForLock":false,"numericOnly":true}}}],"$db":"local"}}}
auth_database                                 | {"t":{"$date":"2026-06-26T02:21:35.002+00:00"},"s":"W",  "c":"QUERY",    "id":23799,   "ctx":"ftdc","msg":"Aggregate command executor error","attr":{"error":{"code":26,"codeName":"NamespaceNotFound","errmsg":"Unable to retrieve storageStats in $collStats stage :: caused by :: Collection [local.oplog.rs] not found."},"stats":{},"cmd":{"aggregate":"oplog.rs","cursor":{},"pipeline":[{"$collStats":{"storageStats":{"waitForLock":false,"numericOnly":true}}}],"$db":"local"}}}
918d764a5c86_products-launcher-products-ms-1  | [[90m2:21:35 AM[0m] Found 0 errors. Watching for file changes.
918d764a5c86_products-launcher-products-ms-1  | 
auth-ms-1                                     | [[90m2:21:35 AM[0m] Found 0 errors. Watching for file changes.
auth-ms-1                                     | 
auth_database                                 | {"t":{"$date":"2026-06-26T02:21:36.001+00:00"},"s":"W",  "c":"QUERY",    "id":23799,   "ctx":"ftdc","msg":"Aggregate command executor error","attr":{"error":{"code":26,"codeName":"NamespaceNotFound","errmsg":"Unable to retrieve storageStats in $collStats stage :: caused by :: Collection [local.oplog.rs] not found."},"stats":{},"cmd":{"aggregate":"oplog.rs","cursor":{},"pipeline":[{"$collStats":{"storageStats":{"waitForLock":false,"numericOnly":true}}}],"$db":"local"}}}
orders-ms-1                                   | [[90m2:21:36 AM[0m] Found 0 errors. Watching for file changes.
orders-ms-1                                   | 
auth-ms-1                                     | [32m[Nest] 80  - [39m06/26/2026, 2:21:36 AM [32m    LOG[39m [38;5;3m[NestFactory] [39m[32mStarting Nest application...[39m
918d764a5c86_products-launcher-products-ms-1  | [32m[Nest] 133  - [39m06/26/2026, 2:21:36 AM [32m    LOG[39m [38;5;3m[NestFactory] [39m[32mStarting Nest application...[39m
auth-ms-1                                     | [32m[Nest] 80  - [39m06/26/2026, 2:21:36 AM [32m    LOG[39m [38;5;3m[InstanceLoader] [39m[32mAppModule dependencies initialized[39m[38;5;3m +19ms[39m
auth-ms-1                                     | [32m[Nest] 80  - [39m06/26/2026, 2:21:36 AM [32m    LOG[39m [38;5;3m[InstanceLoader] [39m[32mAuthModule dependencies initialized[39m[38;5;3m +1ms[39m
918d764a5c86_products-launcher-products-ms-1  | [32m[Nest] 133  - [39m06/26/2026, 2:21:36 AM [32m    LOG[39m [38;5;3m[InstanceLoader] [39m[32mAppModule dependencies initialized[39m[38;5;3m +21ms[39m
918d764a5c86_products-launcher-products-ms-1  | [32m[Nest] 133  - [39m06/26/2026, 2:21:36 AM [32m    LOG[39m [38;5;3m[InstanceLoader] [39m[32mProductsModule dependencies initialized[39m[38;5;3m +2ms[39m
918d764a5c86_products-launcher-products-ms-1  | [32m[Nest] 133  - [39m06/26/2026, 2:21:36 AM [32m    LOG[39m [38;5;3m[productService] [39m[32mDatabase connected[39m
auth-ms-1                                     | [32m[Nest] 80  - [39m06/26/2026, 2:21:36 AM [32m    LOG[39m [38;5;3m[AuthService] [39m[32mDatabase connected[39m
auth_database                                 | {"t":{"$date":"2026-06-26T02:21:36.487+00:00"},"s":"I",  "c":"NETWORK",  "id":22943,   "ctx":"listener","msg":"Connection accepted","attr":{"remote":"172.19.0.6:51820","isLoadBalanced":false,"uuid":{"uuid":{"$uuid":"5086d613-b825-420e-887d-b3be3d614c0a"}},"connectionId":3,"connectionCount":1}}
auth_database                                 | {"t":{"$date":"2026-06-26T02:21:36.489+00:00"},"s":"I",  "c":"NETWORK",  "id":51800,   "ctx":"conn3","msg":"client metadata","attr":{"remote":"172.19.0.6:51820","client":"conn3","negotiatedCompressors":[],"doc":{"driver":{"name":"mongo-rust-driver|Prisma","version":"3.3.0"},"os":{"type":"linux","architecture":"x86_64"},"platform":"rustc 1.90.0 (1159e78c4 2025-09-14) with tokio / bson-2","env":{"container":{"runtime":"docker"}}}}}
auth_database                                 | {"t":{"$date":"2026-06-26T02:21:36.489+00:00"},"s":"I",  "c":"ACCESS",   "id":10483900,"ctx":"conn3","msg":"Connection not authenticating","attr":{"client":"172.19.0.6:51820","doc":{"driver":{"name":"mongo-rust-driver|Prisma","version":"3.3.0"},"os":{"type":"linux","architecture":"x86_64"},"platform":"rustc 1.90.0 (1159e78c4 2025-09-14) with tokio / bson-2","env":{"container":{"runtime":"docker"}}}}}
auth_database                                 | {"t":{"$date":"2026-06-26T02:21:36.490+00:00"},"s":"I",  "c":"NETWORK",  "id":22943,   "ctx":"listener","msg":"Connection accepted","attr":{"remote":"172.19.0.6:51828","isLoadBalanced":false,"uuid":{"uuid":{"$uuid":"83d682bd-87f0-4323-a360-797ad91f920c"}},"connectionId":4,"connectionCount":2}}
auth_database                                 | {"t":{"$date":"2026-06-26T02:21:36.490+00:00"},"s":"I",  "c":"NETWORK",  "id":51800,   "ctx":"conn4","msg":"client metadata","attr":{"remote":"172.19.0.6:51828","client":"conn4","negotiatedCompressors":[],"doc":{"driver":{"name":"mongo-rust-driver|Prisma","version":"3.3.0"},"os":{"type":"linux","architecture":"x86_64"},"platform":"rustc 1.90.0 (1159e78c4 2025-09-14) with tokio / bson-2","env":{"container":{"runtime":"docker"}}}}}
auth_database                                 | {"t":{"$date":"2026-06-26T02:21:36.490+00:00"},"s":"I",  "c":"ACCESS",   "id":10483900,"ctx":"conn4","msg":"Connection not authenticating","attr":{"client":"172.19.0.6:51828","doc":{"driver":{"name":"mongo-rust-driver|Prisma","version":"3.3.0"},"os":{"type":"linux","architecture":"x86_64"},"platform":"rustc 1.90.0 (1159e78c4 2025-09-14) with tokio / bson-2","env":{"container":{"runtime":"docker"}}}}}
918d764a5c86_products-launcher-products-ms-1  | [32m[Nest] 133  - [39m06/26/2026, 2:21:36 AM [32m    LOG[39m [38;5;3m[NestMicroservice] [39m[32mNest microservice successfully started[39m[38;5;3m +40ms[39m
918d764a5c86_products-launcher-products-ms-1  | [32m[Nest] 133  - [39m06/26/2026, 2:21:36 AM [32m    LOG[39m [38;5;3m[Products-Main] [39m[32mProducts microservice running on port 3001[39m
auth-ms-1                                     | [32m[Nest] 80  - [39m06/26/2026, 2:21:36 AM [32m    LOG[39m [38;5;3m[NestMicroservice] [39m[32mNest microservice successfully started[39m[38;5;3m +22ms[39m
auth_database                                 | {"t":{"$date":"2026-06-26T02:21:37.002+00:00"},"s":"W",  "c":"QUERY",    "id":23799,   "ctx":"ftdc","msg":"Aggregate command executor error","attr":{"error":{"code":26,"codeName":"NamespaceNotFound","errmsg":"Unable to retrieve storageStats in $collStats stage :: caused by :: Collection [local.oplog.rs] not found."},"stats":{},"cmd":{"aggregate":"oplog.rs","cursor":{},"pipeline":[{"$collStats":{"storageStats":{"waitForLock":false,"numericOnly":true}}}],"$db":"local"}}}
auth_database                                 | {"t":{"$date":"2026-06-26T02:21:37.217+00:00"},"s":"I",  "c":"-",        "id":4939300, "ctx":"monitoring-keys-for-HMAC","msg":"Failed to refresh key cache","attr":{"error":"ReadConcernMajorityNotAvailableYet: Read concern majority reads are currently not possible.","nextWakeupMillis":13000}}
orders-ms-1                                   | [32m[Nest] 133  - [39m06/26/2026, 2:21:37 AM [32m    LOG[39m [38;5;3m[NestFactory] [39m[32mStarting Nest application...[39m
orders-ms-1                                   | [32m[Nest] 133  - [39m06/26/2026, 2:21:37 AM [32m    LOG[39m [38;5;3m[InstanceLoader] [39m[32mAppModule dependencies initialized[39m[38;5;3m +19ms[39m
orders-ms-1                                   | [32m[Nest] 133  - [39m06/26/2026, 2:21:37 AM [32m    LOG[39m [38;5;3m[InstanceLoader] [39m[32mNatsModule dependencies initialized[39m[38;5;3m +0ms[39m
orders-ms-1                                   | [32m[Nest] 133  - [39m06/26/2026, 2:21:37 AM [32m    LOG[39m [38;5;3m[InstanceLoader] [39m[32mClientsModule dependencies initialized[39m[38;5;3m +0ms[39m
orders-ms-1                                   | [32m[Nest] 133  - [39m06/26/2026, 2:21:37 AM [32m    LOG[39m [38;5;3m[InstanceLoader] [39m[32mOrdersModule dependencies initialized[39m[38;5;3m +1ms[39m
orders-ms-1                                   | [32m[Nest] 133  - [39m06/26/2026, 2:21:37 AM [32m    LOG[39m [38;5;3m[OrdersService] [39m[32mDatabase connected[39m
orders-ms-1                                   | [32m[Nest] 133  - [39m06/26/2026, 2:21:37 AM [32m    LOG[39m [38;5;3m[NestMicroservice] [39m[32mNest microservice successfully started[39m[38;5;3m +21ms[39m
orders-ms-1                                   | [32m[Nest] 133  - [39m06/26/2026, 2:21:37 AM [32m    LOG[39m [38;5;3m[Orders-Main] [39m[32mOrders microservice running on port 3002[39m
auth_database                                 | {"t":{"$date":"2026-06-26T02:21:38.001+00:00"},"s":"W",  "c":"QUERY",    "id":23799,   "ctx":"ftdc","msg":"Aggregate command executor error","attr":{"error":{"code":26,"codeName":"NamespaceNotFound","errmsg":"Unable to retrieve storageStats in $collStats stage :: caused by :: Collection [local.oplog.rs] not found."},"stats":{},"cmd":{"aggregate":"oplog.rs","cursor":{},"pipeline":[{"$collStats":{"storageStats":{"waitForLock":false,"numericOnly":true}}}],"$db":"local"}}}
auth_database                                 | {"t":{"$date":"2026-06-26T02:21:39.001+00:00"},"s":"W",  "c":"QUERY",    "id":23799,   "ctx":"ftdc","msg":"Aggregate command executor error","attr":{"error":{"code":26,"codeName":"NamespaceNotFound","errmsg":"Unable to retrieve storageStats in $collStats stage :: caused by :: Collection [local.oplog.rs] not found."},"stats":{},"cmd":{"aggregate":"oplog.rs","cursor":{},"pipeline":[{"$collStats":{"storageStats":{"waitForLock":false,"numericOnly":true}}}],"$db":"local"}}}
auth_database                                 | {"t":{"$date":"2026-06-26T02:21:40.000+00:00"},"s":"W",  "c":"QUERY",    "id":23799,   "ctx":"ftdc","msg":"Aggregate command executor error","attr":{"error":{"code":26,"codeName":"NamespaceNotFound","errmsg":"Unable to retrieve storageStats in $collStats stage :: caused by :: Collection [local.oplog.rs] not found."},"stats":{},"cmd":{"aggregate":"oplog.rs","cursor":{},"pipeline":[{"$collStats":{"storageStats":{"waitForLock":false,"numericOnly":true}}}],"$db":"local"}}}
auth_database                                 | {"t":{"$date":"2026-06-26T02:21:40.838+00:00"},"s":"I",  "c":"SHARDING", "id":7012500, "ctx":"QueryAnalysisConfigurationsRefresher","msg":"Failed to refresh query analysis configurations, will try again at the next interval","attr":{"error":"PrimarySteppedDown: No primary exists currently"}}
auth_database                                 | {"t":{"$date":"2026-06-26T02:21:40.880+00:00"},"s":"I",  "c":"WTCHKPT",  "id":22430,   "ctx":"Checkpointer","msg":"WiredTiger message","attr":{"message":{"ts_sec":1782440500,"ts_usec":880596,"thread":"1:0x77d86aa00640","session_name":"WT_SESSION.checkpoint","category":"WT_VERB_CHECKPOINT_PROGRESS","category_id":6,"verbose_level":"DEBUG_1","verbose_level_id":1,"msg":"saving checkpoint snapshot min: 10, snapshot max: 10 snapshot count: 0, oldest timestamp: (0, 0) , meta checkpoint timestamp: (0, 0) base write gen: 1266"}}}
auth_database                                 | {"t":{"$date":"2026-06-26T02:21:41.001+00:00"},"s":"W",  "c":"QUERY",    "id":23799,   "ctx":"ftdc","msg":"Aggregate command executor error","attr":{"error":{"code":26,"codeName":"NamespaceNotFound","errmsg":"Unable to retrieve storageStats in $collStats stage :: caused by :: Collection [local.oplog.rs] not found."},"stats":{},"cmd":{"aggregate":"oplog.rs","cursor":{},"pipeline":[{"$collStats":{"storageStats":{"waitForLock":false,"numericOnly":true}}}],"$db":"local"}}}
auth_database                                 | {"t":{"$date":"2026-06-26T02:21:42.001+00:00"},"s":"W",  "c":"QUERY",    "id":23799,   "ctx":"ftdc","msg":"Aggregate command executor error","attr":{"error":{"code":26,"codeName":"NamespaceNotFound","errmsg":"Unable to retrieve storageStats in $collStats stage :: caused by :: Collection [local.oplog.rs] not found."},"stats":{},"cmd":{"aggregate":"oplog.rs","cursor":{},"pipeline":[{"$collStats":{"storageStats":{"waitForLock":false,"numericOnly":true}}}],"$db":"local"}}}
auth_database                                 | {"t":{"$date":"2026-06-26T02:21:43.001+00:00"},"s":"W",  "c":"QUERY",    "id":23799,   "ctx":"ftdc","msg":"Aggregate command executor error","attr":{"error":{"code":26,"codeName":"NamespaceNotFound","errmsg":"Unable to retrieve storageStats in $collStats stage :: caused by :: Collection [local.oplog.rs] not found."},"stats":{},"cmd":{"aggregate":"oplog.rs","cursor":{},"pipeline":[{"$collStats":{"storageStats":{"waitForLock":false,"numericOnly":true}}}],"$db":"local"}}}
auth_database                                 | {"t":{"$date":"2026-06-26T02:21:44.000+00:00"},"s":"W",  "c":"QUERY",    "id":23799,   "ctx":"ftdc","msg":"Aggregate command executor error","attr":{"error":{"code":26,"codeName":"NamespaceNotFound","errmsg":"Unable to retrieve storageStats in $collStats stage :: caused by :: Collection [local.oplog.rs] not found."},"stats":{},"cmd":{"aggregate":"oplog.rs","cursor":{},"pipeline":[{"$collStats":{"storageStats":{"waitForLock":false,"numericOnly":true}}}],"$db":"local"}}}
auth_database                                 | {"t":{"$date":"2026-06-26T02:21:45.009+00:00"},"s":"W",  "c":"QUERY",    "id":23799,   "ctx":"ftdc","msg":"Aggregate command executor error","attr":{"error":{"code":26,"codeName":"NamespaceNotFound","errmsg":"Unable to retrieve storageStats in $collStats stage :: caused by :: Collection [local.oplog.rs] not found."},"stats":{},"cmd":{"aggregate":"oplog.rs","cursor":{},"pipeline":[{"$collStats":{"storageStats":{"waitForLock":false,"numericOnly":true}}}],"$db":"local"}}}
auth_database                                 | {"t":{"$date":"2026-06-26T02:21:46.001+00:00"},"s":"W",  "c":"QUERY",    "id":23799,   "ctx":"ftdc","msg":"Aggregate command executor error","attr":{"error":{"code":26,"codeName":"NamespaceNotFound","errmsg":"Unable to retrieve storageStats in $collStats stage :: caused by :: Collection [local.oplog.rs] not found."},"stats":{},"cmd":{"aggregate":"oplog.rs","cursor":{},"pipeline":[{"$collStats":{"storageStats":{"waitForLock":false,"numericOnly":true}}}],"$db":"local"}}}
auth_database                                 | {"t":{"$date":"2026-06-26T02:21:47.000+00:00"},"s":"W",  "c":"QUERY",    "id":23799,   "ctx":"ftdc","msg":"Aggregate command executor error","attr":{"error":{"code":26,"codeName":"NamespaceNotFound","errmsg":"Unable to retrieve storageStats in $collStats stage :: caused by :: Collection [local.oplog.rs] not found."},"stats":{},"cmd":{"aggregate":"oplog.rs","cursor":{},"pipeline":[{"$collStats":{"storageStats":{"waitForLock":false,"numericOnly":true}}}],"$db":"local"}}}
auth_database                                 | {"t":{"$date":"2026-06-26T02:21:48.000+00:00"},"s":"W",  "c":"QUERY",    "id":23799,   "ctx":"ftdc","msg":"Aggregate command executor error","attr":{"error":{"code":26,"codeName":"NamespaceNotFound","errmsg":"Unable to retrieve storageStats in $collStats stage :: caused by :: Collection [local.oplog.rs] not found."},"stats":{},"cmd":{"aggregate":"oplog.rs","cursor":{},"pipeline":[{"$collStats":{"storageStats":{"waitForLock":false,"numericOnly":true}}}],"$db":"local"}}}
auth_database                                 | {"t":{"$date":"2026-06-26T02:21:49.000+00:00"},"s":"W",  "c":"QUERY",    "id":23799,   "ctx":"ftdc","msg":"Aggregate command executor error","attr":{"error":{"code":26,"codeName":"NamespaceNotFound","errmsg":"Unable to retrieve storageStats in $collStats stage :: caused by :: Collection [local.oplog.rs] not found."},"stats":{},"cmd":{"aggregate":"oplog.rs","cursor":{},"pipeline":[{"$collStats":{"storageStats":{"waitForLock":false,"numericOnly":true}}}],"$db":"local"}}}
auth_database                                 | {"t":{"$date":"2026-06-26T02:21:50.001+00:00"},"s":"W",  "c":"QUERY",    "id":23799,   "ctx":"ftdc","msg":"Aggregate command executor error","attr":{"error":{"code":26,"codeName":"NamespaceNotFound","errmsg":"Unable to retrieve storageStats in $collStats stage :: caused by :: Collection [local.oplog.rs] not found."},"stats":{},"cmd":{"aggregate":"oplog.rs","cursor":{},"pipeline":[{"$collStats":{"storageStats":{"waitForLock":false,"numericOnly":true}}}],"$db":"local"}}}
auth_database                                 | {"t":{"$date":"2026-06-26T02:21:50.226+00:00"},"s":"I",  "c":"-",        "id":4939300, "ctx":"monitoring-keys-for-HMAC","msg":"Failed to refresh key cache","attr":{"error":"ReadConcernMajorityNotAvailableYet: Read concern majority reads are currently not possible.","nextWakeupMillis":13200}}
auth_database                                 | {"t":{"$date":"2026-06-26T02:21:50.838+00:00"},"s":"I",  "c":"SHARDING", "id":7012500, "ctx":"QueryAnalysisConfigurationsRefresher","msg":"Failed to refresh query analysis configurations, will try again at the next interval","attr":{"error":"PrimarySteppedDown: No primary exists currently"}}
auth_database                                 | {"t":{"$date":"2026-06-26T02:21:51.000+00:00"},"s":"W",  "c":"QUERY",    "id":23799,   "ctx":"ftdc","msg":"Aggregate command executor error","attr":{"error":{"code":26,"codeName":"NamespaceNotFound","errmsg":"Unable to retrieve storageStats in $collStats stage :: caused by :: Collection [local.oplog.rs] not found."},"stats":{},"cmd":{"aggregate":"oplog.rs","cursor":{},"pipeline":[{"$collStats":{"storageStats":{"waitForLock":false,"numericOnly":true}}}],"$db":"local"}}}
auth_database                                 | {"t":{"$date":"2026-06-26T02:21:52.001+00:00"},"s":"W",  "c":"QUERY",    "id":23799,   "ctx":"ftdc","msg":"Aggregate command executor error","attr":{"error":{"code":26,"codeName":"NamespaceNotFound","errmsg":"Unable to retrieve storageStats in $collStats stage :: caused by :: Collection [local.oplog.rs] not found."},"stats":{},"cmd":{"aggregate":"oplog.rs","cursor":{},"pipeline":[{"$collStats":{"storageStats":{"waitForLock":false,"numericOnly":true}}}],"$db":"local"}}}
auth_database                                 | {"t":{"$date":"2026-06-26T02:21:53.000+00:00"},"s":"W",  "c":"QUERY",    "id":23799,   "ctx":"ftdc","msg":"Aggregate command executor error","attr":{"error":{"code":26,"codeName":"NamespaceNotFound","errmsg":"Unable to retrieve storageStats in $collStats stage :: caused by :: Collection [local.oplog.rs] not found."},"stats":{},"cmd":{"aggregate":"oplog.rs","cursor":{},"pipeline":[{"$collStats":{"storageStats":{"waitForLock":false,"numericOnly":true}}}],"$db":"local"}}}
auth_database                                 | {"t":{"$date":"2026-06-26T02:21:54.001+00:00"},"s":"W",  "c":"QUERY",    "id":23799,   "ctx":"ftdc","msg":"Aggregate command executor error","attr":{"error":{"code":26,"codeName":"NamespaceNotFound","errmsg":"Unable to retrieve storageStats in $collStats stage :: caused by :: Collection [local.oplog.rs] not found."},"stats":{},"cmd":{"aggregate":"oplog.rs","cursor":{},"pipeline":[{"$collStats":{"storageStats":{"waitForLock":false,"numericOnly":true}}}],"$db":"local"}}}
auth_database                                 | {"t":{"$date":"2026-06-26T02:21:55.000+00:00"},"s":"W",  "c":"QUERY",    "id":23799,   "ctx":"ftdc","msg":"Aggregate command executor error","attr":{"error":{"code":26,"codeName":"NamespaceNotFound","errmsg":"Unable to retrieve storageStats in $collStats stage :: caused by :: Collection [local.oplog.rs] not found."},"stats":{},"cmd":{"aggregate":"oplog.rs","cursor":{},"pipeline":[{"$collStats":{"storageStats":{"waitForLock":false,"numericOnly":true}}}],"$db":"local"}}}
auth_database                                 | {"t":{"$date":"2026-06-26T02:21:56.000+00:00"},"s":"W",  "c":"QUERY",    "id":23799,   "ctx":"ftdc","msg":"Aggregate command executor error","attr":{"error":{"code":26,"codeName":"NamespaceNotFound","errmsg":"Unable to retrieve storageStats in $collStats stage :: caused by :: Collection [local.oplog.rs] not found."},"stats":{},"cmd":{"aggregate":"oplog.rs","cursor":{},"pipeline":[{"$collStats":{"storageStats":{"waitForLock":false,"numericOnly":true}}}],"$db":"local"}}}
auth_database                                 | {"t":{"$date":"2026-06-26T02:21:57.000+00:00"},"s":"W",  "c":"QUERY",    "id":23799,   "ctx":"ftdc","msg":"Aggregate command executor error","attr":{"error":{"code":26,"codeName":"NamespaceNotFound","errmsg":"Unable to retrieve storageStats in $collStats stage :: caused by :: Collection [local.oplog.rs] not found."},"stats":{},"cmd":{"aggregate":"oplog.rs","cursor":{},"pipeline":[{"$collStats":{"storageStats":{"waitForLock":false,"numericOnly":true}}}],"$db":"local"}}}
auth_database                                 | {"t":{"$date":"2026-06-26T02:21:58.000+00:00"},"s":"W",  "c":"QUERY",    "id":23799,   "ctx":"ftdc","msg":"Aggregate command executor error","attr":{"error":{"code":26,"codeName":"NamespaceNotFound","errmsg":"Unable to retrieve storageStats in $collStats stage :: caused by :: Collection [local.oplog.rs] not found."},"stats":{},"cmd":{"aggregate":"oplog.rs","cursor":{},"pipeline":[{"$collStats":{"storageStats":{"waitForLock":false,"numericOnly":true}}}],"$db":"local"}}}
auth_database                                 | {"t":{"$date":"2026-06-26T02:21:59.000+00:00"},"s":"W",  "c":"QUERY",    "id":23799,   "ctx":"ftdc","msg":"Aggregate command executor error","attr":{"error":{"code":26,"codeName":"NamespaceNotFound","errmsg":"Unable to retrieve storageStats in $collStats stage :: caused by :: Collection [local.oplog.rs] not found."},"stats":{},"cmd":{"aggregate":"oplog.rs","cursor":{},"pipeline":[{"$collStats":{"storageStats":{"waitForLock":false,"numericOnly":true}}}],"$db":"local"}}}
auth_database                                 | {"t":{"$date":"2026-06-26T02:22:00.001+00:00"},"s":"W",  "c":"QUERY",    "id":23799,   "ctx":"ftdc","msg":"Aggregate command executor error","attr":{"error":{"code":26,"codeName":"NamespaceNotFound","errmsg":"Unable to retrieve storageStats in $collStats stage :: caused by :: Collection [local.oplog.rs] not found."},"stats":{},"cmd":{"aggregate":"oplog.rs","cursor":{},"pipeline":[{"$collStats":{"storageStats":{"waitForLock":false,"numericOnly":true}}}],"$db":"local"}}}
auth_database                                 | {"t":{"$date":"2026-06-26T02:22:00.838+00:00"},"s":"I",  "c":"SHARDING", "id":7012500, "ctx":"QueryAnalysisConfigurationsRefresher","msg":"Failed to refresh query analysis configurations, will try again at the next interval","attr":{"error":"PrimarySteppedDown: No primary exists currently"}}
auth_database                                 | {"t":{"$date":"2026-06-26T02:22:01.001+00:00"},"s":"W",  "c":"QUERY",    "id":23799,   "ctx":"ftdc","msg":"Aggregate command executor error","attr":{"error":{"code":26,"codeName":"NamespaceNotFound","errmsg":"Unable to retrieve storageStats in $collStats stage :: caused by :: Collection [local.oplog.rs] not found."},"stats":{},"cmd":{"aggregate":"oplog.rs","cursor":{},"pipeline":[{"$collStats":{"storageStats":{"waitForLock":false,"numericOnly":true}}}],"$db":"local"}}}
auth_database                                 | {"t":{"$date":"2026-06-26T02:22:02.001+00:00"},"s":"W",  "c":"QUERY",    "id":23799,   "ctx":"ftdc","msg":"Aggregate command executor error","attr":{"error":{"code":26,"codeName":"NamespaceNotFound","errmsg":"Unable to retrieve storageStats in $collStats stage :: caused by :: Collection [local.oplog.rs] not found."},"stats":{},"cmd":{"aggregate":"oplog.rs","cursor":{},"pipeline":[{"$collStats":{"storageStats":{"waitForLock":false,"numericOnly":true}}}],"$db":"local"}}}
auth_database                                 | {"t":{"$date":"2026-06-26T02:22:03.001+00:00"},"s":"W",  "c":"QUERY",    "id":23799,   "ctx":"ftdc","msg":"Aggregate command executor error","attr":{"error":{"code":26,"codeName":"NamespaceNotFound","errmsg":"Unable to retrieve storageStats in $collStats stage :: caused by :: Collection [local.oplog.rs] not found."},"stats":{},"cmd":{"aggregate":"oplog.rs","cursor":{},"pipeline":[{"$collStats":{"storageStats":{"waitForLock":false,"numericOnly":true}}}],"$db":"local"}}}
auth_database                                 | {"t":{"$date":"2026-06-26T02:22:03.439+00:00"},"s":"I",  "c":"-",        "id":4939300, "ctx":"monitoring-keys-for-HMAC","msg":"Failed to refresh key cache","attr":{"error":"ReadConcernMajorityNotAvailableYet: Read concern majority reads are currently not possible.","nextWakeupMillis":13400}}
auth_database                                 | {"t":{"$date":"2026-06-26T02:22:04.001+00:00"},"s":"W",  "c":"QUERY",    "id":23799,   "ctx":"ftdc","msg":"Aggregate command executor error","attr":{"error":{"code":26,"codeName":"NamespaceNotFound","errmsg":"Unable to retrieve storageStats in $collStats stage :: caused by :: Collection [local.oplog.rs] not found."},"stats":{},"cmd":{"aggregate":"oplog.rs","cursor":{},"pipeline":[{"$collStats":{"storageStats":{"waitForLock":false,"numericOnly":true}}}],"$db":"local"}}}
auth_database                                 | {"t":{"$date":"2026-06-26T02:22:05.001+00:00"},"s":"W",  "c":"QUERY",    "id":23799,   "ctx":"ftdc","msg":"Aggregate command executor error","attr":{"error":{"code":26,"codeName":"NamespaceNotFound","errmsg":"Unable to retrieve storageStats in $collStats stage :: caused by :: Collection [local.oplog.rs] not found."},"stats":{},"cmd":{"aggregate":"oplog.rs","cursor":{},"pipeline":[{"$collStats":{"storageStats":{"waitForLock":false,"numericOnly":true}}}],"$db":"local"}}}
auth_database                                 | {"t":{"$date":"2026-06-26T02:22:06.000+00:00"},"s":"W",  "c":"QUERY",    "id":23799,   "ctx":"ftdc","msg":"Aggregate command executor error","attr":{"error":{"code":26,"codeName":"NamespaceNotFound","errmsg":"Unable to retrieve storageStats in $collStats stage :: caused by :: Collection [local.oplog.rs] not found."},"stats":{},"cmd":{"aggregate":"oplog.rs","cursor":{},"pipeline":[{"$collStats":{"storageStats":{"waitForLock":false,"numericOnly":true}}}],"$db":"local"}}}
auth_database                                 | {"t":{"$date":"2026-06-26T02:22:07.000+00:00"},"s":"W",  "c":"QUERY",    "id":23799,   "ctx":"ftdc","msg":"Aggregate command executor error","attr":{"error":{"code":26,"codeName":"NamespaceNotFound","errmsg":"Unable to retrieve storageStats in $collStats stage :: caused by :: Collection [local.oplog.rs] not found."},"stats":{},"cmd":{"aggregate":"oplog.rs","cursor":{},"pipeline":[{"$collStats":{"storageStats":{"waitForLock":false,"numericOnly":true}}}],"$db":"local"}}}
auth_database                                 | {"t":{"$date":"2026-06-26T02:22:08.000+00:00"},"s":"W",  "c":"QUERY",    "id":23799,   "ctx":"ftdc","msg":"Aggregate command executor error","attr":{"error":{"code":26,"codeName":"NamespaceNotFound","errmsg":"Unable to retrieve storageStats in $collStats stage :: caused by :: Collection [local.oplog.rs] not found."},"stats":{},"cmd":{"aggregate":"oplog.rs","cursor":{},"pipeline":[{"$collStats":{"storageStats":{"waitForLock":false,"numericOnly":true}}}],"$db":"local"}}}
auth_database                                 | {"t":{"$date":"2026-06-26T02:22:09.001+00:00"},"s":"W",  "c":"QUERY",    "id":23799,   "ctx":"ftdc","msg":"Aggregate command executor error","attr":{"error":{"code":26,"codeName":"NamespaceNotFound","errmsg":"Unable to retrieve storageStats in $collStats stage :: caused by :: Collection [local.oplog.rs] not found."},"stats":{},"cmd":{"aggregate":"oplog.rs","cursor":{},"pipeline":[{"$collStats":{"storageStats":{"waitForLock":false,"numericOnly":true}}}],"$db":"local"}}}
auth_database                                 | {"t":{"$date":"2026-06-26T02:22:10.000+00:00"},"s":"W",  "c":"QUERY",    "id":23799,   "ctx":"ftdc","msg":"Aggregate command executor error","attr":{"error":{"code":26,"codeName":"NamespaceNotFound","errmsg":"Unable to retrieve storageStats in $collStats stage :: caused by :: Collection [local.oplog.rs] not found."},"stats":{},"cmd":{"aggregate":"oplog.rs","cursor":{},"pipeline":[{"$collStats":{"storageStats":{"waitForLock":false,"numericOnly":true}}}],"$db":"local"}}}
auth_database                                 | {"t":{"$date":"2026-06-26T02:22:10.838+00:00"},"s":"I",  "c":"SHARDING", "id":7012500, "ctx":"QueryAnalysisConfigurationsRefresher","msg":"Failed to refresh query analysis configurations, will try again at the next interval","attr":{"error":"PrimarySteppedDown: No primary exists currently"}}
auth_database                                 | {"t":{"$date":"2026-06-26T02:22:11.001+00:00"},"s":"W",  "c":"QUERY",    "id":23799,   "ctx":"ftdc","msg":"Aggregate command executor error","attr":{"error":{"code":26,"codeName":"NamespaceNotFound","errmsg":"Unable to retrieve storageStats in $collStats stage :: caused by :: Collection [local.oplog.rs] not found."},"stats":{},"cmd":{"aggregate":"oplog.rs","cursor":{},"pipeline":[{"$collStats":{"storageStats":{"waitForLock":false,"numericOnly":true}}}],"$db":"local"}}}
 Compose Stopping Gracefully Stopping... press Ctrl+C again to force
 Container products-launcher-nats-server-1 Stopping 
 Container products-launcher-client-gateway-1 Stopping 
 Container products-launcher-auth-ms-1 Stopping 
 Container products-launcher-mongo-init-1 Stopping 
 Container products-launcher-orders-ms-1 Stopping 
 Container payments-ms Stopping 
 Container 918d764a5c86_products-launcher-products-ms-1 Stopping 
 Container products-launcher-mongo-init-1 Stopped 
 Container products-launcher-nats-server-1 Stopped 
 Container products-launcher-auth-ms-1 Stopped 
 Container auth_database Stopping 
got 3 SIGTERM/SIGINTs, forcefully exiting
